// Jest Snapshot v1, https://goo.gl/fbAQLP

exports[`renders correctly 1`] = `
<div
  className="ui container"
>
  <div>
    <h3
      className="ui header"
    >
      mock company
    </h3>
    <h4
      className="ui header"
    >
      mock role
    </h4>
    <div
      className="ui label"
      onClick={[Function]}
    >
      <i
        aria-hidden="true"
        className="calendar icon"
        onClick={[Function]}
      />
      From
      <div
        className="detail"
      >
        12/24/2018
      </div>
    </div>
    <div
      className="ui label"
      onClick={[Function]}
    >
      <i
        aria-hidden="true"
        className="calendar icon"
        onClick={[Function]}
      />
      To
      <div
        className="detail"
      >
        12/24/2018
      </div>
    </div>
    <div
      className="ui container"
    >
      string
    </div>
  </div>
  <div
    className="ui divider"
  />
</div>
`;
